found 12 raw volumes vs VesselExpress-software GT
done 210426_592-1-lepleft_500x_VEA.tif auto-> li
done 210426_592-1-lepright_500x_VEA.tif auto-> li
done 210428_ob593left_500x_VEA.tif auto-> li
/home1/rsiege/.local/lib/python3.9/site-packages/skimage/filters/thresholding.py:561: RuntimeWarning: divide by zero encountered in divide
  higher = (csum_intensity[-1] - csum_intensity[:-1]) / csumh[:-1]
done 210428_ob593right_500x_VEA.tif auto-> li
done 210426_592-1-lepleft_750x_VEB.tif auto-> li
done 210426_592-1-lepright_750x_VEB.tif auto-> li
/home1/rsiege/.local/lib/python3.9/site-packages/skimage/filters/thresholding.py:466: RuntimeWarning: divide by zero encountered in log
  crit = np.log(((P1_sq[:-1] * P2_sq[1:]) ** -1) * (P1[:-1] * (1.0 - P1[:-1])) ** 2)
done 210428_ob593left_750x_VEB.tif auto-> li
done 210428_ob593right_750x_VEB.tif auto-> li
done 210426_592-1-lepleft_1000x_VEC.tif auto-> li
no VE-binary for 210426_592-1-lepright_1000_VEC.tif
no VE-binary for 210428_ob593left_1000x_VEC.tif
no VE-binary for 210428_ob593right_1000_VEC.tif

=== 3D vascular Dice vs VesselExpress-software segmentation (n=9) ===
                            volume auto_chose  dice_fluorostats(otsu)  dice_fluorostats(li)  dice_fluorostats(triangle)  dice_fluorostats(auto)  dice_fluorostats(consensus)  dice_scikit-image(otsu)
 210426_592-1-lepleft_500x_VEA.tif         li                  0.1085                0.6074                      0.5941                  0.6074                       0.1131                   0.1270
210426_592-1-lepright_500x_VEA.tif         li                  0.0701                0.6058                      0.4160                  0.6058                       0.0736                   0.0770
     210428_ob593left_500x_VEA.tif         li                  0.0834                0.5803                      0.5751                  0.5803                       0.0929                   0.1014
    210428_ob593right_500x_VEA.tif         li                  0.0951                0.6036                      0.4248                  0.6036                       0.1013                   0.1037
 210426_592-1-lepleft_750x_VEB.tif         li                  0.0965                0.6012                      0.6101                  0.6012                       0.1006                   0.1129
210426_592-1-lepright_750x_VEB.tif         li                  0.0828                0.6067                      0.5003                  0.6067                       0.0877                   0.0925
     210428_ob593left_750x_VEB.tif         li                  0.0795                0.5776                      0.5438                  0.5776                       0.0838                   0.0940
    210428_ob593right_750x_VEB.tif         li                  0.0835                0.5973                      0.4321                  0.5973                       0.0881                   0.0912
210426_592-1-lepleft_1000x_VEC.tif         li                  0.1025                0.6008                      0.5902                  0.6008                       0.1069                   0.1175

Mean Dice vs VesselExpress GT:
dice_fluorostats(li)           0.598
dice_fluorostats(auto)         0.598
dice_fluorostats(triangle)     0.521
dice_scikit-image(otsu)        0.102
dice_fluorostats(consensus)    0.094
dice_fluorostats(otsu)         0.089

auto picked: {'li': 9}
